docker :  Image budgetbee_dev-webserver Building 
At line:1 char:25
+ ... BUILDKIT=1; docker compose -f C:\Users\ADMIN\BudgetBee\docker\docker- ...
+                 ~~~~~~~~~~~~~~~~~~~~~~~~~~~~~~~~~~~~~~~~~~~~~~~~~~~~~~~~~
    + CategoryInfo          : NotSpecified: ( Image budgetbee_dev-webserver Building :String) [], RemoteException
    + FullyQualifiedErrorId : NativeCommandError
 
 Image budgetbee_dev-web Building 
#1 [internal] load local bake definitions
#1 reading from stdin 979B 0.1s done
#1 DONE 0.1s

#2 [webserver internal] load build definition from Dockerfile.dev
#2 transferring dockerfile:
#2 transferring dockerfile: 1.34kB 1.1s done
#2 DONE 1.6s

#3 [web internal] load build definition from Dockerfile.dev
#3 transferring dockerfile: 394B 0.8s done
#3 DONE 1.7s

#4 [webserver internal] load metadata for docker.io/library/php:8.2-fpm-alpine3.17
#4 DONE 1.2s

#5 [web internal] load metadata for docker.io/library/node:21-slim
#5 ...

#6 [webserver internal] load .dockerignore
#6 transferring context: 2B 0.0s done
#6 DONE 0.1s

#5 [web internal] load metadata for docker.io/library/node:21-slim
#5 ...

#7 [webserver  1/10] FROM docker.io/library/php:8.2-fpm-alpine3.17@sha256:da02a3d195a3b34e66a34272f89f997c13faff18eda8052cbaf2fa9de4fb0065
#7 resolve docker.io/library/php:8.2-fpm-alpine3.17@sha256:da02a3d195a3b34e66a34272f89f997c13faff18eda8052cbaf2fa9de4fb0065 0.3s done
#7 DONE 0.5s

#5 [web internal] load metadata for docker.io/library/node:21-slim
#5 ...

#8 [webserver  6/10] RUN apk add --no-cache --update libmemcached-libs zlib
#8 CACHED

#9 [webserver  7/10] RUN set -xe     && apk add --no-cache --update --virtual .phpize-deps autoconf 		dpkg-dev dpkg 		file 		g++ 		gcc 		libc-dev 		make 		pkgconf 		re2c     && apk add --no-cache --update --virtual .memcached-deps zlib-dev libmemcached-dev cyrus-sasl-dev     && pecl install memcached     && echo "extension=memcached.so" > /usr/local/etc/php/conf.d/20_memcached.ini     && rm -rf /usr/share/php7     && rm -rf /tmp/*     && apk del .memcached-deps .phpize-deps
#9 CACHED

#10 [webserver  8/10] RUN apk add --no-cache python3 py3-pip python3-dev build-base     && apk add --no-cache gcc g++ musl-dev libffi-dev make     && apk add --no-cache openblas-dev lapack-dev     && apk add --no-cache gfortran
#10 CACHED

#11 [webserver  9/10] RUN pip3 install --no-cache-dir scikit-learn joblib
#11 CACHED

#12 [webserver  3/10] RUN curl -sS https://getcomposer.org/installer | php -- --install-dir=/usr/local/bin --filename=composer
#12 CACHED

#13 [webserver  4/10] RUN apk add --no-cache libpng-dev zlib-dev libzip-dev     && docker-php-ext-install gd zip
#13 CACHED

#14 [webserver  2/10] RUN apk add --no-cache dcron
#14 CACHED

#15 [webserver  5/10] RUN docker-php-ext-install mysqli pdo_mysql
#15 CACHED

#16 [webserver 10/10] WORKDIR /var/www/html
#16 CACHED

#5 [web internal] load metadata for docker.io/library/node:21-slim
#5 ...

#17 [auth] library/node:pull token for registry-1.docker.io
#17 DONE 0.0s

#18 [webserver] exporting to image
#18 exporting layers 0.2s done
#18 exporting manifest sha256:d24e416cd21b78e8baa6ce4059e2f8094d5dd2573438f8b3763ad3eb861ca00c
#18 exporting manifest sha256:d24e416cd21b78e8baa6ce4059e2f8094d5dd2573438f8b3763ad3eb861ca00c 0.4s done
#18 exporting config sha256:c21e8829f384d6783dbac6c063d8a8afc68188a46581517f25391435fbe53094
#18 exporting config sha256:c21e8829f384d6783dbac6c063d8a8afc68188a46581517f25391435fbe53094 0.3s done
#18 exporting attestation manifest sha256:c3d5bcc4d336a02ce33450be3a71605441d4f27cf2a5fcba4b79c6ed59154847
#18 exporting attestation manifest sha256:c3d5bcc4d336a02ce33450be3a71605441d4f27cf2a5fcba4b79c6ed59154847 0.5s done
#18 exporting manifest list sha256:0bbbbd74646b22ac4be1d1daf16ba7956ee3170abab808f03988a17569439391
#18 exporting manifest list sha256:0bbbbd74646b22ac4be1d1daf16ba7956ee3170abab808f03988a17569439391 0.1s done
#18 ...

#5 [web internal] load metadata for docker.io/library/node:21-slim
#5 DONE 5.7s

#18 [webserver] exporting to image
#18 naming to docker.io/library/budgetbee_dev-webserver:latest 0.0s done
#18 unpacking to docker.io/library/budgetbee_dev-webserver:latest
#18 ...

#19 [web internal] load .dockerignore
#19 transferring context: 66B 0.2s done
#19 DONE 0.3s

#18 [webserver] exporting to image
#18 unpacking to docker.io/library/budgetbee_dev-webserver:latest 0.4s done
#18 ...

#20 [web internal] load build context
#20 DONE 0.0s

#21 [web 1/4] FROM docker.io/library/node:21-slim@sha256:dfc05dee209a1d7adf2ef189bd97396daad4e97c6eaa85778d6f75205ba1b0fb
#21 resolve docker.io/library/node:21-slim@sha256:dfc05dee209a1d7adf2ef189bd97396daad4e97c6eaa85778d6f75205ba1b0fb
#21 resolve docker.io/library/node:21-slim@sha256:dfc05dee209a1d7adf2ef189bd97396daad4e97c6eaa85778d6f75205ba1b0fb 0.4s done
#21 DONE 0.5s

#18 [webserver] exporting to image
#18 DONE 3.1s

#20 [web internal] load build context
#20 transferring context: 72B 0.2s done
#20 DONE 0.4s

#22 [web 2/4] WORKDIR /var/www/html
#22 CACHED

#23 [web 3/4] COPY package*.json ./
#23 CACHED

#24 [web 4/4] RUN npm ci
#24 ...

#25 [webserver] resolving provenance for metadata file
#25 DONE 1.5s

#24 [web 4/4] RUN npm ci
#24 147.6 npm notice 
#24 147.6 npm notice New major version of npm available! 10.5.0 -> 11.15.0
#24 147.6 npm notice Changelog: <https://github.com/npm/cli/releases/tag/v11.15.0>
#24 147.6 npm notice Run `npm install -g npm@11.15.0` to update!
#24 147.6 npm notice 
#24 147.6 npm ERR! code ETIMEDOUT
#24 147.6 npm ERR! syscall read
#24 147.6 npm ERR! errno -110
#24 147.6 npm ERR! network read ETIMEDOUT
#24 147.6 npm ERR! network This is a problem related to network connectivity.
#24 147.6 npm ERR! network In most cases you are behind a proxy or have bad network settings.
#24 147.6 npm ERR! network 
#24 147.6 npm ERR! network If you are behind a proxy, please make sure that the
#24 147.6 npm ERR! network 'proxy' config is set properly.  See: 'npm help config'
#24 147.7 
#24 147.7 npm ERR! A complete log of this run can be found in: /root/.npm/_logs/2026-05-26T09_11_52_079Z-debug-0.log
#24 ERROR: process "/bin/sh -c npm ci" did not complete successfully: exit code: 146
------
 > [web 4/4] RUN npm ci:
147.6 npm ERR! syscall read
147.6 npm ERR! errno -110
147.6 npm ERR! network read ETIMEDOUT
147.6 npm ERR! network This is a problem related to network connectivity.
147.6 npm ERR! network In most cases you are behind a proxy or have bad network settings.
147.6 npm ERR! network 
147.6 npm ERR! network If you are behind a proxy, please make sure that the
147.6 npm ERR! network 'proxy' config is set properly.  See: 'npm help config'
147.7 
147.7 npm ERR! A complete log of this run can be found in: /root/.npm/_logs/2026-05-26T09_11_52_079Z-debug-0.log
------
Dockerfile.dev:10

--------------------

   8 |     

   9 |     # Install dependencies 

  10 | >>> RUN npm ci 

  11 |     

  12 |     # Expose the port the app will run on 

--------------------

target web: failed to solve: process "/bin/sh -c npm ci" did not complete successfully: exit code: 146

